// Vitest Snapshot v1, https://vitest.dev/guide/snapshot.html

exports[`deduplicateBusinesses > produces stable output for a representative mixed set (snapshot) 1`] = `
[
  {
    "address": "Weihburggasse 9, 1010 Wien, Österreich",
    "bizWebsite": "https://www.dantendorfer.at/",
    "category": "Kledingwinkel",
    "googleUrl": "https://www.google.com/maps/search/Slowear+Austria",
    "hours": {
      "friday": "10:00-18:00",
      "monday": "10:00-18:00",
      "saturday": "10:00-18:00",
      "sunday": "Gesloten",
      "thursday": "Gesloten",
      "tuesday": "10:00-18:00",
      "wednesday": "Gesloten",
    },
    "mainImage": "https://picsum.photos/400/300",
    "numberOfReviews": 44,
    "phone": "+43 1 5125965",
    "placeId": "ChIJ8yHWun0FdkgReUhxpbEaShA",
    "ratingText": "4.7 sterren – 44 reviews",
    "stars": "4.7",
    "status": "Geopend",
    "storeName": "Dantendorfer Women | Men | Slowear",
  },
  {
    "address": "Weihburggasse 9, 1010 Wien, Österreich",
    "bizWebsite": "https://www.dantendorfer.at/",
    "category": "Kledingwinkel",
    "googleUrl": "https://www.google.com/maps/search/Slowear+Austria",
    "hours": {
      "friday": "10:00-18:00",
      "monday": "10:00-18:00",
      "saturday": "10:00-18:00",
      "sunday": "Gesloten",
      "thursday": "Gesloten",
      "tuesday": "10:00-18:00",
      "wednesday": "Gesloten",
    },
    "mainImage": "https://picsum.photos/400/300",
    "numberOfReviews": 44,
    "phone": "+43 1 5125965",
    "placeId": "A",
    "stars": "4.7",
    "status": "Geopend",
    "storeName": "Store A",
  },
  {
    "address": "Weihburggasse 9, 1010 Wien, Österreich",
    "bizWebsite": "example.net",
    "category": "Kledingwinkel",
    "googleUrl": "https://www.google.com/maps/search/Slowear+Austria",
    "hours": {
      "friday": "10:00-18:00",
      "monday": "10:00-18:00",
      "saturday": "10:00-18:00",
      "sunday": "Gesloten",
      "thursday": "Gesloten",
      "tuesday": "10:00-18:00",
      "wednesday": "Gesloten",
    },
    "mainImage": "https://picsum.photos/400/300",
    "numberOfReviews": 44,
    "phone": "+43 1 5125965",
    "stars": "4.7",
    "status": "Geopend",
    "storeName": undefined,
  },
  {
    "address": "Weihburggasse 9, 1010 Wien, Österreich",
    "bizWebsite": "http://example.net/",
    "category": "Kledingwinkel",
    "googleUrl": "https://www.google.com/maps/search/Slowear+Austria",
    "hours": {
      "friday": "10:00-18:00",
      "monday": "10:00-18:00",
      "saturday": "10:00-18:00",
      "sunday": "Gesloten",
      "thursday": "Gesloten",
      "tuesday": "10:00-18:00",
      "wednesday": "Gesloten",
    },
    "mainImage": "https://picsum.photos/400/300",
    "numberOfReviews": 44,
    "phone": "+43 1 5125965",
    "stars": "4.7",
    "status": "Geopend",
    "storeName": undefined,
  },
]
`;
